com/bussiness/go/software/services/CommonService.class
com/bussiness/go/software/dto/DataTablesRequestSearch.class
com/bussiness/go/software/config/DispatcherServletCustomConfiguration.class
com/bussiness/go/software/utilities/MensajesApp.class
com/bussiness/go/software/services/implementation/ListaSelectorServiceImpl.class
com/bussiness/go/software/services/IUsuarioService.class
com/bussiness/go/software/repositories/IDepartamentoRepository.class
com/bussiness/go/software/controllers/ListaSelectorController.class
com/bussiness/go/software/services/IFuncionesGeneralesService.class
com/bussiness/go/software/dto/UsuarioDTO.class
com/bussiness/go/software/dto/ListaSelectorDTO.class
com/bussiness/go/software/services/implementation/BandejaUsuarioServiceImpl.class
com/bussiness/go/software/services/IDepartamentoService.class
com/bussiness/go/software/services/IBandejaUsuarioService.class
com/bussiness/go/software/entities/commons/Usuario.class
com/bussiness/go/software/repositories/ICiudadRepository.class
com/bussiness/go/software/services/implementation/DepartamentoServiceImpl.class
com/bussiness/go/software/dto/DepartamentoDTO.class
com/bussiness/go/software/services/implementation/CiudadServiceImpl.class
com/bussiness/go/software/services/implementation/FuncionesGeneralesServiceImpl.class
com/bussiness/go/software/security/UserDetailServiceImpl.class
com/bussiness/go/software/security/AuthController.class
com/bussiness/go/software/dto/Mensaje.class
com/bussiness/go/software/entities/commons/Departamento.class
com/bussiness/go/software/services/implementation/UsuarioServiceImpl.class
com/bussiness/go/software/ServletInitializer.class
com/bussiness/go/software/services/implementation/PaisServiceImpl.class
com/bussiness/go/software/security/UserDetailsImpl.class
com/bussiness/go/software/security/JWTAuthenticationFilter.class
com/bussiness/go/software/repositories/IUsuarioRepositoryPaging.class
com/bussiness/go/software/dto/DataTablesResponse.class
com/bussiness/go/software/services/ICiudadService.class
com/bussiness/go/software/entities/commons/ListaSelector.class
com/bussiness/go/software/dto/CiudadDTO.class
com/bussiness/go/software/repositories/IListaSelectorRepository.class
com/bussiness/go/software/utilities/FunctionResponse.class
com/bussiness/go/software/repositories/IPaisRepository.class
com/bussiness/go/software/entities/commons/Pais.class
com/bussiness/go/software/entities/commons/BandejaUsuarioModel.class
com/bussiness/go/software/services/IPaisService.class
com/bussiness/go/software/security/TokenUtils.class
com/bussiness/go/software/config/CORSFilter.class
com/bussiness/go/software/services/IUsuarioServicePaging.class
com/bussiness/go/software/security/AuthCredentialsDTO.class
com/bussiness/go/software/security/WebSecurityConfig.class
com/bussiness/go/software/repositories/IUsuarioRepository.class
com/bussiness/go/software/dto/DataTablesRequest.class
com/bussiness/go/software/utilities/ApiResponse.class
com/bussiness/go/software/dto/PaisDTO.class
com/bussiness/go/software/services/implementation/CommonServiceImpl.class
com/bussiness/go/software/services/IListaSelectorService.class
com/bussiness/go/software/repositories/IBandejaUsuarioRepository.class
com/bussiness/go/software/security/AuthAuthenticateDTO.class
com/bussiness/go/software/controllers/UsuarioController.class
com/bussiness/go/software/utilities/ConstantesApp.class
com/bussiness/go/software/services/implementation/UsuarioServiceImplPaging.class
com/bussiness/go/software/SoftwareApplication.class
com/bussiness/go/software/config/ThymeleafConfiguration.class
com/bussiness/go/software/entities/commons/Ciudad.class
com/bussiness/go/software/dto/BandejaUsuarioDTO.class
com/bussiness/go/software/security/JWTAuthorizationFilter.class
